// Vitest Snapshot v1, https://vitest.dev/guide/snapshot.html

exports[`regression fixtures > html/negatives 1`] = `[]`;

exports[`regression fixtures > html/site 1`] = `
[
  "index.html:9 formspree POST /f/xyzabcd",
  "index.html:16 www.google.com GET /search",
  "index.html:20 internal POST /api/upload",
  "index.html:33 supabase GET /rest/v1/todos",
  "index.html:38 github GET /users/{user}/repos",
  "index.html:43 open-meteo GET /v1/forecast",
]
`;

exports[`regression fixtures > javascript/browser 1`] = `
[
  "app.js:4 icanhazdadjoke.com GET /search",
  "app.js:10 convertkit POST /v3/forms/123/subscribe",
  "app.js:19 internal POST /api/items/{id}",
  "app.js:28 cloudinary POST /v1_1/demo/image/upload",
  "app.js:32 tmdb GET /3/search/movie",
  "widget.jsx:6 github GET /repos/{repo}",
]
`;

exports[`regression fixtures > javascript/node 1`] = `
[
  "server.js:10 stripe POST /v1/checkout/sessions",
  "server.js:15 github GET /users/{owner}/repos",
  "server.js:20 slack POST /",
  "worker.mjs:6 openai POST /v1/chat/completions",
  "worker.mjs:9 open-meteo GET /v1/forecast",
]
`;

exports[`regression fixtures > multi-provider-site 1`] = `
[
  "models.ts:11 unknown GET /models",
]
`;

exports[`regression fixtures > negatives/data-uri 1`] = `[]`;

exports[`regression fixtures > negatives/fetch-override 1`] = `[]`;

exports[`regression fixtures > negatives/img-src 1`] = `[]`;

exports[`regression fixtures > negatives/stub-throws 1`] = `[]`;

exports[`regression fixtures > negatives/test-files 1`] = `[]`;

exports[`regression fixtures > php/negatives 1`] = `[]`;

exports[`regression fixtures > php/resolve/class-base-url 1`] = `
[
  "Gladia.php:18 gladia POST /v2/upload",
  "Gladia.php:30 elevenlabs GET /v1/voices",
]
`;

exports[`regression fixtures > php/resolve/env-default 1`] = `
[
  "Llm.php:8 langdock POST /openai/eu/v1/chat/completions",
  "Llm.php:14 elevenlabs POST /v1/text-to-speech/{voiceId}",
]
`;

exports[`regression fixtures > php/resolve/env-name 1`] = `
[
  "clients.php:7 openrouter GET /models",
  "clients.php:12 gladia POST /v2/transcription",
]
`;

exports[`regression fixtures > php/resolve/helper-url 1`] = `
[
  "Telegram.php:21 telegram POST /bot{TELEGRAM_TOKEN}/sendMessage",
  "Telegram.php:26 meta-graph GET /v19.0/{pageId}/feed",
]
`;

exports[`regression fixtures > php/resolve/late-binding 1`] = `
[
  "ChatTransport.php:11 api.example-chat.com POST /v2/bot/message/push",
]
`;

exports[`regression fixtures > php/resolve/string-replace 1`] = `
[
  "Billing.php:6 api.example-billing.com GET /v1/invoices/{id}",
  "Billing.php:12 api.example-billing.com GET /health",
]
`;

exports[`regression fixtures > php/sdk/firebase 1`] = `
[
  "Users.php:20 firebase POST /v1/accounts:signUp",
  "Users.php:25 firebase PATCH /v1/projects/{projectId}/databases/(default)/documents/users/{uid}",
  "Users.php:30 firebase POST /v1/projects/{projectId}/databases/(default)/documents/users/{uid}/posts",
  "Users.php:36 firebase POST /v1/projects/{projectId}/messages:send",
]
`;

exports[`regression fixtures > php/sdk/sentry 1`] = `
[
  "errors.php:9 sentry POST /api/{projectId}/envelope",
  "errors.php:14 sentry POST /api/{projectId}/envelope",
]
`;

exports[`regression fixtures > php/wrappers/constructed-argument 1`] = `
[
  "Upstream.php:23 unknown DYNAMIC /{path}",
  "Upstream.php:29 unknown GET /",
  "Upstream.php:32 api.example-weather.com GET /v1/forecast (wrapper:callUpstream)",
  "Upstream.php:33 api.example-weather.com POST /v1/plans (wrapper:callUpstream)",
  "Upstream.php:34 api.example-status.com GET /v1/jobs (wrapper:fetchStatus)",
]
`;

exports[`regression fixtures > php/wrappers/injected-client 1`] = `[]`;

exports[`regression fixtures > php/wrappers/two-hop 1`] = `
[
  "signed.php:7 unknown POST /",
  "signed.php:12 mixpanel POST /{path} (wrapper:do_fetch)",
  "signed.php:17 mixpanel POST /track (wrapper:signed_fetch>do_fetch)",
  "signed.php:22 mixpanel POST /track (wrapper:tracked>signed_fetch>do_fetch)",
]
`;

exports[`regression fixtures > python/httpx/httpx2 1`] = `
[
  "weather.py:8 api.example-weather.com GET /forecast",
  "weather.py:13 api.example-weather.com GET /alerts",
]
`;

exports[`regression fixtures > python/negatives 1`] = `[]`;

exports[`regression fixtures > python/requests/hardened 1`] = `
[
  "notify.py:5 hooks.example-chat.com POST /notify",
]
`;

exports[`regression fixtures > python/resolve/branches 1`] = `
[
  "vault.py:9 api.example-vault.com GET /items",
]
`;

exports[`regression fixtures > python/resolve/class-base-url 1`] = `
[
  "gladia.py:10 gladia POST /v2/upload",
  "gladia.py:20 elevenlabs GET /v1/voices",
  "gladia.py:23 elevenlabs GET /v1/models",
]
`;

exports[`regression fixtures > python/resolve/empty-default 1`] = `
[
  "charts.py:6 charts.example.com GET /top",
]
`;

exports[`regression fixtures > python/resolve/env-default 1`] = `
[
  "llm.py:10 langdock POST /openai/eu/v1/chat/completions",
  "llm.py:14 elevenlabs POST /v1/text-to-speech/{voice_id}",
]
`;

exports[`regression fixtures > python/resolve/env-name 1`] = `
[
  "clients.py:7 openrouter GET /models",
  "clients.py:11 gladia POST /v2/transcription",
]
`;

exports[`regression fixtures > python/resolve/helper-url 1`] = `
[
  "telegram.py:16 telegram POST /bot{TELEGRAM_TOKEN}/sendMessage",
  "telegram.py:20 meta-graph GET /v19.0/{page_id}/feed",
]
`;

exports[`regression fixtures > python/resolve/host-table 1`] = `
[
  "mailer.py:15 api.example-mailer.com POST /v3/messages",
  "mailer.py:18 aws POST /",
]
`;

exports[`regression fixtures > python/resolve/late-binding 1`] = `
[
  "api.py:8 internal GET /{path}",
  "api.py:18 billing.example.com GET /v2/invoices (wrapper:BaseAPI._get)",
  "api.py:21 billing.example.com POST /v2/refunds",
]
`;

exports[`regression fixtures > python/resolve/string-replace 1`] = `
[
  "maps.py:9 api.example-maps.com GET /v2/{region}/tiles/{z}",
  "maps.py:14 api.example-maps.com GET /status",
]
`;

exports[`regression fixtures > python/sdk/firebase 1`] = `
[
  "store.py:9 firebase GET /v1/projects/{projectId}/databases/(default)/documents/users",
  "store.py:13 firebase PATCH /v1/projects/{projectId}/databases/(default)/documents/users/{uid}",
  "store.py:17 firebase POST /v1/projects/{projectId}/databases/(default)/documents/users/{uid}/posts",
  "store.py:21 firebase POST /v1/projects/{projectId}/accounts",
  "store.py:25 firebase POST /v1/projects/{projectId}/messages:send",
]
`;

exports[`regression fixtures > python/sdk/sentry 1`] = `
[
  "errors.py:8 sentry POST /api/{projectId}/envelope",
  "errors.py:12 sentry POST /api/{projectId}/envelope",
]
`;

exports[`regression fixtures > python/sdk/supabase 1`] = `
[
  "db.py:9 supabase GET /rest/v1/tasks",
  "db.py:13 supabase POST /rest/v1/tasks",
  "db.py:17 supabase POST /rest/v1/profiles",
  "db.py:17 supabase POST /rest/v1/audit",
  "db.py:21 supabase POST /rest/v1/rpc/daily_stats",
  "db.py:25 supabase GET /auth/v1/user",
  "db.py:29 supabase POST /auth/v1/token",
  "db.py:33 supabase POST /storage/v1/object/avatars/{path}",
  "db.py:37 supabase POST /functions/v1/send-welcome",
  "db.py:42 supabase DELETE /rest/v1/tasks",
  "db.py:46 supabase GET /rest/v1/teams",
]
`;

exports[`regression fixtures > python/urllib/urlretrieve 1`] = `
[
  "maps.py:5 cdn.example-weather.com GET /maps/{name}.png",
]
`;

exports[`regression fixtures > python/wrappers/constructed-argument 1`] = `
[
  "endpoint.py:11 unknown DYNAMIC /",
  "endpoint.py:15 api.example-status.com GET /v1/status (wrapper:call)",
  "endpoint.py:19 api.example-status.com POST /v1/jobs/{job}/restart (wrapper:call)",
  "upstream.py:17 unknown DYNAMIC /{path}",
  "upstream.py:21 unknown DYNAMIC /{path} (wrapper:call_upstream)",
  "upstream.py:25 api.example-weather.com GET /v1/forecast (wrapper:call_upstream)",
  "upstream.py:29 api.example-weather.com POST /v1/plans (wrapper:with_trace>call_upstream)",
]
`;

exports[`regression fixtures > python/wrappers/deep-chain 1`] = `
[
  "catalog.py:8 unknown DYNAMIC /",
  "catalog.py:12 unknown DYNAMIC / (wrapper:send)",
  "catalog.py:16 api.example-catalog.com DYNAMIC /v2{path} (wrapper:signed>send)",
  "catalog.py:20 api.example-catalog.com GET /v2{path} (wrapper:catalog>signed>send)",
  "catalog.py:24 api.example-catalog.com GET /v2/products (wrapper:proxy>catalog>signed>send)",
  "catalog.py:28 api.example-catalog.com POST /v2/products/{product_id}/archive (wrapper:proxy>catalog>signed>send)",
]
`;

exports[`regression fixtures > python/wrappers/injected-client 1`] = `
[
  "provider.py:13 mistral GET /v1/models",
]
`;

exports[`regression fixtures > python/wrappers/two-hop 1`] = `
[
  "signed.py:5 unknown POST /",
  "signed.py:9 mixpanel POST /{path} (wrapper:do_fetch)",
  "signed.py:13 mixpanel POST /track (wrapper:signed_fetch>do_fetch)",
  "signed.py:17 mixpanel POST /track (wrapper:tracked>signed_fetch>do_fetch)",
]
`;

exports[`regression fixtures > resolve/branches 1`] = `
[
  "mail.ts:7 api.eu.example-mail.com POST /api/v1/transmissions",
  "mail.ts:11 api.example-mail.com GET /v2{path}",
  "mail.ts:21 api.example-charge.com POST /v2{path}",
  "vault.ts:11 api.example-vault.com GET /items",
  "vault.ts:23 api.example-vault.com GET /v1/secrets/{name}",
]
`;

exports[`regression fixtures > resolve/branches-relative 1`] = `
[
  "client.ts:3 unknown GET /",
  "client.ts:7 api.example-host.com GET /v1/items",
]
`;

exports[`regression fixtures > resolve/class-base-url 1`] = `
[
  "gladia.ts:9 gladia POST /v2/upload",
  "gladia.ts:17 elevenlabs POST /v1/text-to-speech/{voiceId}",
  "gladia.ts:22 elevenlabs GET /v1/voices",
]
`;

exports[`regression fixtures > resolve/class-getter 1`] = `
[
  "crm.ts:9 api.example-crm.com GET /v1/deals",
]
`;

exports[`regression fixtures > resolve/config-objects 1`] = `
[
  "client.ts:4 license.example-forms.com POST /api/v1/check",
  "client.ts:8 api.example-mail.com GET /v1/contacts",
]
`;

exports[`regression fixtures > resolve/env-base-path 1`] = `
[
  "projects.ts:2 internal GET /api/projects",
  "projects.ts:6 internal GET /api/projects/{project}/members",
  "projects.ts:11 env:BILLING_API_URL GET /v1/invoices",
]
`;

exports[`regression fixtures > resolve/env-default 1`] = `
[
  "llm.ts:4 langdock POST /openai/eu/v1/chat/completions",
  "llm.ts:7 elevenlabs GET /v1/voices",
]
`;

exports[`regression fixtures > resolve/env-name 1`] = `
[
  "clients.ts:1 openrouter GET /models",
  "clients.ts:3 supabase POST /functions/v1/{name}",
  "clients.ts:5 slack POST /",
  "clients.ts:8 env:VITE_API_URL GET /me",
  "clients.ts:9 env:GITHUB_CALLBACK_URL GET /",
]
`;

exports[`regression fixtures > resolve/helper-url 1`] = `
[
  "telegram.ts:6 telegram POST /bot{BOT_TOKEN}/sendMessage",
  "telegram.ts:13 api.invoices.example.com GET /v2/invoices",
]
`;

exports[`regression fixtures > resolve/host-table 1`] = `
[
  "mailer.ts:7 api.example-mailer.com POST /v3/messages",
  "mailer.ts:11 api.eu.example-mailer.com POST /v3/messages",
]
`;

exports[`regression fixtures > resolve/imported-helper 1`] = `
[
  "deals.ts:4 api.example-crm.com GET /v2/deals/{id}",
]
`;

exports[`regression fixtures > resolve/object-method 1`] = `
[
  "invoices.ts:4 api.example-books.com GET /v3/invoices",
  "invoices.ts:8 oauth.example-books.com POST /realms/{realm}/token",
  "invoices.ts:13 api.example-voice.com POST /call",
]
`;

exports[`regression fixtures > resolve/placeholders 1`] = `
[
  "hosts.ts:1 unknown GET /status",
  "hosts.ts:2 internal GET /health",
  "hosts.ts:3 internal GET /api/items",
  "hosts.ts:4 env:REPLIT_CONNECTORS_HOSTNAME GET /api/v2/connection",
  "hosts.ts:5 unknown GET /api/v1/events",
]
`;

exports[`regression fixtures > resolve/string-replace 1`] = `
[
  "client.ts:7 api.example-git.com POST /app/installations/{id}/access_tokens",
  "client.ts:11 api.example-crm.com GET /users/{id}/profile",
  "client.ts:15 example-stream.dev GET /v1/streams/{stream}/records",
]
`;

exports[`regression fixtures > resolve/templated-subdomain 1`] = `
[
  "tenants.ts:2 salesforce GET /services/data/v60.0/sobjects/Account/{id}",
  "tenants.ts:6 aws GET /{key}",
  "tenants.ts:11 example-helpdesk.com GET /api/v2/tickets.json",
]
`;

exports[`regression fixtures > robustness/bad-specifier 1`] = `
[
  "ok.ts:5 github GET /rate_limit",
]
`;

exports[`regression fixtures > robustness/odd-body 1`] = `
[
  "client.ts:4 api.example.com PUT /v1/monitors/{monitorId}",
]
`;

exports[`regression fixtures > sdk/ai-sdk 1`] = `
[
  "generate.ts:11 openai POST /v1/responses",
  "generate.ts:12 anthropic POST /v1/messages",
  "generate.ts:13 google-ai POST /v1beta/models/gemini-2.5-flash:generateContent",
  "generate.ts:14 openai POST /v1/embeddings",
  "generate.ts:15 together POST /v1/responses",
  "generate.ts:16 vercel-ai-gateway POST /v1/ai/language-model",
  "generate.ts:17 openrouter POST /api/v1/chat/completions",
  "generate.ts:20 google-vertex POST /v1/projects/{project}/locations/{location}/publishers/google/models/gemini-2.5-flash:generateContent",
  "generate.ts:21 unknown POST /",
]
`;

exports[`regression fixtures > sdk/anthropic 1`] = `
[
  "claude.ts:6 anthropic POST /v1/messages",
  "claude.ts:10 anthropic POST /v1/messages",
  "claude.ts:12 anthropic POST /v1/messages/count_tokens",
  "claude.ts:14 anthropic GET /v1/models",
]
`;

exports[`regression fixtures > sdk/bedrock 1`] = `
[
  "invoke.ts:6 aws-bedrock POST /model/{modelId}/converse",
  "invoke.ts:10 aws-bedrock POST /model/{modelId}/invoke",
]
`;

exports[`regression fixtures > sdk/convex 1`] = `
[
  "app.tsx:8 convex POST /api/run/tasks/list",
  "app.tsx:9 convex POST /api/run/tasks/create",
  "app.tsx:13 convex POST /api/run/reports/weekly/summary",
]
`;

exports[`regression fixtures > sdk/discord 1`] = `
[
  "bot.ts:3 discord POST /api/v10/channels/{channelId}/messages",
  "bot.ts:5 discord POST /",
]
`;

exports[`regression fixtures > sdk/firebase-modular 1`] = `
[
  "session.ts:4 firebase POST /v1/accounts:signInWithIdp",
  "session.ts:6 firebase POST /v1/accounts:signUp",
  "session.ts:8 firebase POST /v1/accounts:signInWithPassword",
  "store.ts:4 firebase GET /v1/projects/{projectId}/databases/(default)/documents/profiles/{uid}",
  "store.ts:8 firebase GET /v1/projects/{projectId}/databases/(default)/documents/orders",
  "store.ts:12 firebase PATCH /v1/projects/{projectId}/databases/(default)/documents/profiles/{uid}",
  "store.ts:17 firebase POST /v1/projects/{projectId}/databases/(default)/documents/orders/{orderId}/comments",
  "store.ts:20 firebase PATCH /v1/projects/{projectId}/databases/(default)/documents/{ref}",
  "store.ts:22 firebase DELETE /v1/projects/{projectId}/databases/(default)/documents/orders/{orderId}",
  "store.ts:24 firebase GET /v1/projects/{projectId}/databases/(default)/documents/orders",
]
`;

exports[`regression fixtures > sdk/gemini 1`] = `
[
  "genai.ts:6 google-ai POST /v1beta/models/gemini-2.5-flash:generateContent",
  "genai.ts:12 google-ai POST /v1beta/models/gemini-2.5-pro:generateContent",
  "legacy.ts:7 google-ai POST /v1beta/models/gemini-1.5-flash:generateContent",
]
`;

exports[`regression fixtures > sdk/lemonsqueezy 1`] = `
[
  "billing.ts:5 lemonsqueezy POST /v1/checkouts",
  "billing.ts:7 lemonsqueezy GET /v1/subscriptions/{id}",
  "billing.ts:9 lemonsqueezy DELETE /v1/subscriptions/{id}",
]
`;

exports[`regression fixtures > sdk/mcp 1`] = `
[
  "tools.ts:9 mcp POST /mcp",
  "tools.ts:10 mcp POST /mcp",
]
`;

exports[`regression fixtures > sdk/openai-compatible 1`] = `
[
  "clients.ts:8 openrouter POST /api/v1/chat/completions",
  "clients.ts:9 groq POST /chat/completions",
  "clients.ts:10 ollama POST /v1/chat/completions",
  "clients.ts:11 openai POST /v1/embeddings",
]
`;

exports[`regression fixtures > sdk/posthog 1`] = `
[
  "server.ts:5 posthog POST /batch",
  "server.ts:7 posthog POST /flags",
  "web.ts:5 posthog POST /e",
  "web.ts:7 posthog POST /e",
]
`;

exports[`regression fixtures > sdk/resend 1`] = `
[
  "mail.ts:5 resend POST /emails",
  "mail.ts:7 resend POST /audiences/{audienceId}/contacts",
]
`;

exports[`regression fixtures > sdk/revenuecat 1`] = `
[
  "paywall.ts:4 revenuecat GET /v1/subscribers/{app_user_id}/offerings",
  "paywall.ts:8 revenuecat POST /v1/receipts",
  "paywall.ts:10 revenuecat GET /v1/subscribers/{app_user_id}",
]
`;

exports[`regression fixtures > sdk/sentry 1`] = `
[
  "checkout.ts:8 sentry POST /api/{projectId}/envelope",
  "monitoring.ts:6 sentry POST /api/{projectId}/envelope",
  "monitoring.ts:9 sentry POST /api/{projectId}/envelope",
]
`;

exports[`regression fixtures > sdk/supabase 1`] = `
[
  "context.ts:9 supabase GET /rest/v1/projects",
  "context.ts:16 supabase PATCH /rest/v1/projects",
  "ssr.ts:9 supabase GET /rest/v1/invoices",
  "ssr.ts:12 supabase GET /rest/v1/invoices",
  "tasks.ts:4 supabase GET /rest/v1/tasks",
  "tasks.ts:9 supabase POST /rest/v1/tasks",
  "tasks.ts:12 supabase POST /rest/v1/tasks",
  "tasks.ts:14 supabase PATCH /rest/v1/tasks",
  "tasks.ts:16 supabase DELETE /rest/v1/tasks",
  "tasks.ts:19 supabase GET /rest/v1/tasks",
  "tasks.ts:19 supabase GET /rest/v1/projects",
  "tasks.ts:23 supabase POST /rest/v1/rpc/project_stats",
  "tasks.ts:26 supabase GET /auth/v1/user",
  "tasks.ts:30 supabase POST /auth/v1/token",
  "tasks.ts:33 supabase POST /storage/v1/object/avatars/{userId}/avatar.png",
  "tasks.ts:36 supabase POST /functions/v1/notify-assignee",
]
`;

exports[`regression fixtures > wrappers/deep-chain 1`] = `
[
  "catalog.ts:6 unknown GET /{path}",
  "catalog.ts:11 api.example-catalog.com GET /v2{path} (wrapper:send)",
  "catalog.ts:15 api.example-catalog.com GET /v2{path} (wrapper:catalog>send)",
  "catalog.ts:19 api.example-catalog.com GET /v2/shops/{shop}{path} (wrapper:proxy>catalog>send)",
  "catalog.ts:22 api.example-catalog.com GET /v2/shops/{shop}/products (wrapper:scoped>proxy>catalog>send)",
  "catalog.ts:24 api.example-catalog.com POST /v2/shops/{shop}/products/{id}/archive (wrapper:scoped>proxy>catalog>send)",
]
`;

exports[`regression fixtures > wrappers/injected-fetch 1`] = `
[
  "pricing.ts:7 api.example-rates.com GET /v2/prices/latest",
]
`;

exports[`regression fixtures > wrappers/object-argument 1`] = `
[
  "upstream.ts:5 unknown GET /{path}",
  "upstream.ts:10 unknown GET /{path} (wrapper:callUpstream)",
  "upstream.ts:15 api.example-weather.com GET /v1/forecast (wrapper:proxyUpstream>callUpstream)",
  "upstream.ts:17 api.example-weather.com POST /v1/plans (wrapper:proxyUpstream>callUpstream)",
  "upstream.ts:20 api.example-weather.com GET /v1/stations/{id}/reports/{getFullYear}/summary",
  "upstream.ts:22 api.example-weather.com GET /v1/stations/{station}/history (wrapper:proxyUpstream>callUpstream)",
]
`;

exports[`regression fixtures > wrappers/two-hop 1`] = `
[
  "client.ts:2 unknown GET /",
  "client.ts:8 unknown GET / (wrapper:doFetch)",
  "client.ts:11 api.example-billing.com GET /v1/invoices (wrapper:tlsFetch>doFetch)",
  "client.ts:13 api.example-billing.com POST /v1/invoices/{id}/pay (wrapper:tlsFetch>doFetch)",
]
`;
