// Vitest Snapshot v1, https://vitest.dev/guide/snapshot.html

exports[`firebase modular sdk > reads document paths from references and skips signOut 1`] = `
{
  "$schema": "https://raw.githubusercontent.com/okapi-hq/api-grep/main/schema/report.v1.json",
  "calls": [
    {
      "authScheme": "apikey",
      "bodyEncoding": "none",
      "client": "sdk",
      "confidence": 1,
      "dynamic": [
        {
          "name": "key",
          "origin": "sdk",
          "where": "query",
        },
      ],
      "examples": [
        {
          "bodyEncoding": "none",
          "headers": {},
          "method": "POST",
          "query": {
            "key": "<key>",
          },
          "url": "https://identitytoolkit.googleapis.com/v1/accounts:signInWithIdp?key=%3Ckey%3E",
          "variant": "minimal",
        },
      ],
      "findings": [],
      "headerValues": {},
      "headers": [],
      "host": "identitytoolkit.googleapis.com",
      "hostKind": "literal",
      "id": "00ec396e959d",
      "location": {
        "col": 29,
        "file": "session.ts",
        "language": "typescript",
        "line": 4,
      },
      "method": "POST",
      "pathTemplate": "/v1/accounts:signInWithIdp",
      "provider": "firebase",
      "providerSource": "sdk",
      "query": [
        "key",
      ],
      "queryShape": {
        "properties": {
          "key": {
            "type": "string",
          },
        },
        "required": [
          "key",
        ],
        "type": "object",
      },
      "scheme": "https",
      "sdk": {
        "chain": "signInWithPopup",
        "package": "firebase",
      },
      "urlTemplate": "https://identitytoolkit.googleapis.com/v1/accounts:signInWithIdp?key={apiKey}",
    },
    {
      "authScheme": "apikey",
      "bodyEncoding": "none",
      "client": "sdk",
      "confidence": 1,
      "dynamic": [
        {
          "name": "key",
          "origin": "sdk",
          "where": "query",
        },
      ],
      "examples": [
        {
          "bodyEncoding": "none",
          "headers": {},
          "method": "POST",
          "query": {
            "key": "<key>",
          },
          "url": "https://identitytoolkit.googleapis.com/v1/accounts:signUp?key=%3Ckey%3E",
          "variant": "minimal",
        },
      ],
      "findings": [],
      "headerValues": {},
      "headers": [],
      "host": "identitytoolkit.googleapis.com",
      "hostKind": "literal",
      "id": "1fc95d347de1",
      "location": {
        "col": 28,
        "file": "session.ts",
        "language": "typescript",
        "line": 6,
      },
      "method": "POST",
      "pathTemplate": "/v1/accounts:signUp",
      "provider": "firebase",
      "providerSource": "sdk",
      "query": [
        "key",
      ],
      "queryShape": {
        "properties": {
          "key": {
            "type": "string",
          },
        },
        "required": [
          "key",
        ],
        "type": "object",
      },
      "scheme": "https",
      "sdk": {
        "chain": "signInAnonymously",
        "package": "firebase",
      },
      "urlTemplate": "https://identitytoolkit.googleapis.com/v1/accounts:signUp?key={apiKey}",
    },
    {
      "authScheme": "apikey",
      "bodyEncoding": "none",
      "client": "sdk",
      "confidence": 1,
      "dynamic": [
        {
          "name": "key",
          "origin": "sdk",
          "where": "query",
        },
      ],
      "examples": [
        {
          "bodyEncoding": "none",
          "headers": {},
          "method": "POST",
          "query": {
            "key": "<key>",
          },
          "url": "https://identitytoolkit.googleapis.com/v1/accounts:signInWithPassword?key=%3Ckey%3E",
          "variant": "minimal",
        },
      ],
      "findings": [],
      "headerValues": {},
      "headers": [],
      "host": "identitytoolkit.googleapis.com",
      "hostKind": "literal",
      "id": "a531a7d74448",
      "location": {
        "col": 59,
        "file": "session.ts",
        "language": "typescript",
        "line": 8,
      },
      "method": "POST",
      "pathTemplate": "/v1/accounts:signInWithPassword",
      "provider": "firebase",
      "providerSource": "sdk",
      "query": [
        "key",
      ],
      "queryShape": {
        "properties": {
          "key": {
            "type": "string",
          },
        },
        "required": [
          "key",
        ],
        "type": "object",
      },
      "scheme": "https",
      "sdk": {
        "chain": "signInWithEmailAndPassword",
        "package": "firebase",
      },
      "urlTemplate": "https://identitytoolkit.googleapis.com/v1/accounts:signInWithPassword?key={apiKey}",
    },
    {
      "authScheme": "bearer",
      "bodyEncoding": "none",
      "client": "sdk",
      "confidence": 1,
      "dynamic": [
        {
          "name": "projectId",
          "origin": "sdk",
          "where": "path",
        },
        {
          "name": "uid",
          "origin": "param",
          "shape": {
            "type": "string",
          },
          "where": "path",
        },
      ],
      "examples": [
        {
          "bodyEncoding": "none",
          "headers": {
            "authorization": "Bearer <token>",
          },
          "method": "GET",
          "query": {},
          "url": "https://firestore.googleapis.com/v1/projects/agxe2eul/databases/(default)/documents/profiles/3vpno40c",
          "variant": "minimal",
        },
      ],
      "findings": [],
      "headerValues": {},
      "headers": [],
      "host": "firestore.googleapis.com",
      "hostKind": "literal",
      "id": "6a91139857bd",
      "location": {
        "col": 45,
        "file": "store.ts",
        "language": "typescript",
        "line": 4,
      },
      "method": "GET",
      "pathTemplate": "/v1/projects/{projectId}/databases/(default)/documents/profiles/{uid}",
      "provider": "firebase",
      "providerSource": "sdk",
      "query": [],
      "scheme": "https",
      "sdk": {
        "chain": "getDoc",
        "package": "firebase",
      },
      "urlTemplate": "https://firestore.googleapis.com/v1/projects/{projectId}/databases/(default)/documents/profiles/{uid}",
    },
    {
      "authScheme": "bearer",
      "bodyEncoding": "none",
      "client": "sdk",
      "confidence": 1,
      "dynamic": [
        {
          "name": "projectId",
          "origin": "sdk",
          "where": "path",
        },
      ],
      "examples": [
        {
          "bodyEncoding": "none",
          "headers": {
            "authorization": "Bearer <token>",
          },
          "method": "GET",
          "query": {},
          "url": "https://firestore.googleapis.com/v1/projects/b0l28eup/databases/(default)/documents/orders",
          "variant": "minimal",
        },
      ],
      "findings": [],
      "headerValues": {},
      "headers": [],
      "host": "firestore.googleapis.com",
      "hostKind": "literal",
      "id": "f9bc2bd17cbc",
      "location": {
        "col": 10,
        "file": "store.ts",
        "language": "typescript",
        "line": 8,
      },
      "method": "GET",
      "pathTemplate": "/v1/projects/{projectId}/databases/(default)/documents/orders",
      "provider": "firebase",
      "providerSource": "sdk",
      "query": [],
      "scheme": "https",
      "sdk": {
        "chain": "getDocs",
        "package": "firebase",
      },
      "urlTemplate": "https://firestore.googleapis.com/v1/projects/{projectId}/databases/(default)/documents/orders",
    },
    {
      "authScheme": "bearer",
      "body": {
        "properties": {
          "city": {
            "type": "string",
          },
          "name": {
            "type": "string",
          },
        },
        "required": [
          "name",
          "city",
        ],
        "type": "object",
      },
      "bodyEncoding": "json",
      "client": "sdk",
      "confidence": 1,
      "dynamic": [
        {
          "name": "projectId",
          "origin": "sdk",
          "where": "path",
        },
        {
          "name": "uid",
          "origin": "param",
          "shape": {
            "type": "string",
          },
          "where": "path",
        },
      ],
      "examples": [
        {
          "body": {
            "city": "Tallinn",
            "name": "Fable Timber",
          },
          "bodyEncoding": "json",
          "headers": {
            "authorization": "Bearer <token>",
            "content-type": "application/json",
          },
          "method": "PATCH",
          "query": {},
          "url": "https://firestore.googleapis.com/v1/projects/y4p0bo72/databases/(default)/documents/profiles/742wb6k9",
          "variant": "minimal",
        },
      ],
      "findings": [],
      "headerValues": {},
      "headers": [],
      "host": "firestore.googleapis.com",
      "hostKind": "literal",
      "id": "58f31cf1e127",
      "location": {
        "col": 9,
        "file": "store.ts",
        "language": "typescript",
        "line": 12,
      },
      "method": "PATCH",
      "pathTemplate": "/v1/projects/{projectId}/databases/(default)/documents/profiles/{uid}",
      "provider": "firebase",
      "providerSource": "sdk",
      "query": [],
      "scheme": "https",
      "sdk": {
        "chain": "setDoc",
        "package": "firebase",
      },
      "urlTemplate": "https://firestore.googleapis.com/v1/projects/{projectId}/databases/(default)/documents/profiles/{uid}",
    },
    {
      "authScheme": "bearer",
      "body": {
        "properties": {
          "createdAt": {
            "type": "number",
          },
          "text": {
            "hint": "text",
            "type": "string",
          },
        },
        "required": [
          "text",
          "createdAt",
        ],
        "type": "object",
      },
      "bodyEncoding": "json",
      "client": "sdk",
      "confidence": 1,
      "dynamic": [
        {
          "name": "projectId",
          "origin": "sdk",
          "where": "path",
        },
        {
          "name": "orderId",
          "origin": "param",
          "shape": {
            "type": "string",
          },
          "where": "path",
        },
        {
          "name": "text",
          "origin": "param",
          "where": "body",
        },
        {
          "name": "createdAt",
          "origin": "call",
          "where": "body",
        },
      ],
      "examples": [
        {
          "body": {
            "createdAt": 1755103449,
            "text": "Mosaic orbit ridge sable ridge saffron.",
          },
          "bodyEncoding": "json",
          "headers": {
            "authorization": "Bearer <token>",
            "content-type": "application/json",
          },
          "method": "POST",
          "query": {},
          "url": "https://firestore.googleapis.com/v1/projects/xo3zkubg/databases/(default)/documents/orders/pbxs8fzq/comments",
          "variant": "minimal",
        },
      ],
      "findings": [],
      "headerValues": {},
      "headers": [],
      "host": "firestore.googleapis.com",
      "hostKind": "literal",
      "id": "768923b9fcbf",
      "location": {
        "col": 10,
        "file": "store.ts",
        "language": "typescript",
        "line": 17,
      },
      "method": "POST",
      "pathTemplate": "/v1/projects/{projectId}/databases/(default)/documents/orders/{orderId}/comments",
      "provider": "firebase",
      "providerSource": "sdk",
      "query": [],
      "scheme": "https",
      "sdk": {
        "chain": "addDoc",
        "package": "firebase",
      },
      "urlTemplate": "https://firestore.googleapis.com/v1/projects/{projectId}/databases/(default)/documents/orders/{orderId}/comments",
    },
    {
      "authScheme": "bearer",
      "body": {
        "properties": {
          "name": {
            "hint": "name",
            "type": "string",
          },
        },
        "required": [
          "name",
        ],
        "type": "object",
      },
      "bodyEncoding": "json",
      "client": "sdk",
      "confidence": 1,
      "dynamic": [
        {
          "name": "projectId",
          "origin": "sdk",
          "where": "path",
        },
        {
          "name": "ref",
          "origin": "param",
          "where": "path",
        },
        {
          "name": "name",
          "origin": "param",
          "where": "body",
        },
      ],
      "examples": [
        {
          "body": {
            "name": "Cedar Saffron",
          },
          "bodyEncoding": "json",
          "headers": {
            "authorization": "Bearer <token>",
            "content-type": "application/json",
          },
          "method": "PATCH",
          "query": {},
          "url": "https://firestore.googleapis.com/v1/projects/vn0xblcn/databases/(default)/documents/saffron",
          "variant": "minimal",
        },
      ],
      "findings": [],
      "headerValues": {},
      "headers": [],
      "host": "firestore.googleapis.com",
      "hostKind": "literal",
      "id": "66d76e28e1d7",
      "location": {
        "col": 65,
        "file": "store.ts",
        "language": "typescript",
        "line": 20,
      },
      "method": "PATCH",
      "pathTemplate": "/v1/projects/{projectId}/databases/(default)/documents/{ref}",
      "provider": "firebase",
      "providerSource": "sdk",
      "query": [],
      "scheme": "https",
      "sdk": {
        "chain": "updateDoc",
        "package": "firebase",
      },
      "urlTemplate": "https://firestore.googleapis.com/v1/projects/{projectId}/databases/(default)/documents/{ref}",
    },
    {
      "authScheme": "bearer",
      "bodyEncoding": "none",
      "client": "sdk",
      "confidence": 1,
      "dynamic": [
        {
          "name": "projectId",
          "origin": "sdk",
          "where": "path",
        },
        {
          "name": "orderId",
          "origin": "param",
          "shape": {
            "type": "string",
          },
          "where": "path",
        },
      ],
      "examples": [
        {
          "bodyEncoding": "none",
          "headers": {
            "authorization": "Bearer <token>",
          },
          "method": "DELETE",
          "query": {},
          "url": "https://firestore.googleapis.com/v1/projects/lviqgtkv/databases/(default)/documents/orders/3blk93d5",
          "variant": "minimal",
        },
      ],
      "findings": [],
      "headerValues": {},
      "headers": [],
      "host": "firestore.googleapis.com",
      "hostKind": "literal",
      "id": "0be72398ad81",
      "location": {
        "col": 49,
        "file": "store.ts",
        "language": "typescript",
        "line": 22,
      },
      "method": "DELETE",
      "pathTemplate": "/v1/projects/{projectId}/databases/(default)/documents/orders/{orderId}",
      "provider": "firebase",
      "providerSource": "sdk",
      "query": [],
      "scheme": "https",
      "sdk": {
        "chain": "deleteDoc",
        "package": "firebase",
      },
      "urlTemplate": "https://firestore.googleapis.com/v1/projects/{projectId}/databases/(default)/documents/orders/{orderId}",
    },
    {
      "authScheme": "bearer",
      "bodyEncoding": "none",
      "client": "sdk",
      "confidence": 1,
      "dynamic": [
        {
          "name": "projectId",
          "origin": "sdk",
          "where": "path",
        },
      ],
      "examples": [
        {
          "bodyEncoding": "none",
          "headers": {
            "authorization": "Bearer <token>",
          },
          "method": "GET",
          "query": {},
          "url": "https://firestore.googleapis.com/v1/projects/nqnvjsfp/databases/(default)/documents/orders",
          "variant": "minimal",
        },
      ],
      "findings": [],
      "headerValues": {},
      "headers": [],
      "host": "firestore.googleapis.com",
      "hostKind": "literal",
      "id": "4fc218572ecc",
      "location": {
        "col": 48,
        "file": "store.ts",
        "language": "typescript",
        "line": 24,
      },
      "method": "GET",
      "pathTemplate": "/v1/projects/{projectId}/databases/(default)/documents/orders",
      "provider": "firebase",
      "providerSource": "sdk",
      "query": [],
      "scheme": "https",
      "sdk": {
        "chain": "onSnapshot",
        "package": "firebase",
      },
      "urlTemplate": "https://firestore.googleapis.com/v1/projects/{projectId}/databases/(default)/documents/orders",
    },
  ],
  "coverage": {
    "sdks": [
      {
        "calls": 10,
        "declared": false,
        "ecosystem": "npm",
        "importSites": 3,
        "imported": true,
        "package": "firebase",
        "provider": "firebase",
        "status": "ok",
        "supported": true,
      },
    ],
  },
  "diagnostics": {
    "complete": true,
    "droppedCalls": [],
    "filesScanned": 3,
    "filesSeen": 3,
    "languages": {
      "typescript": {
        "filesScanned": 3,
        "filesSeen": 3,
      },
    },
    "skipped": [],
    "skippedCounts": {},
    "unfollowed": [],
  },
  "schemaVersion": "1.2.0",
  "stats": {
    "byClient": {
      "sdk": 10,
    },
    "byHostKind": {
      "literal": 10,
    },
    "byLanguage": {
      "typescript": 10,
    },
    "byProvider": {
      "firebase": 10,
    },
    "callsFound": 10,
    "durationMs": 0,
    "filesScanned": 3,
    "redacted": 0,
    "withBodyShape": 3,
    "withDynamic": 10,
    "withFindings": 0,
  },
  "tool": "apicalls",
  "version": "0.1.0",
}
`;

exports[`sentry > reports capture calls from any @sentry package, inside a local wrapper but not at its callers, and not init 1`] = `
{
  "$schema": "https://raw.githubusercontent.com/okapi-hq/api-grep/main/schema/report.v1.json",
  "calls": [
    {
      "authScheme": "unknown",
      "bodyEncoding": "none",
      "client": "sdk",
      "confidence": 1,
      "dynamic": [
        {
          "name": "projectId",
          "origin": "sdk",
          "where": "path",
        },
      ],
      "examples": [
        {
          "bodyEncoding": "none",
          "headers": {},
          "method": "POST",
          "query": {},
          "url": "https://{org}.ingest.sentry.io/api/cnoki1mf/envelope",
          "variant": "minimal",
        },
      ],
      "findings": [],
      "headerValues": {},
      "headers": [],
      "host": "{org}.ingest.sentry.io",
      "hostKind": "literal",
      "id": "fc0e8c483561",
      "location": {
        "col": 5,
        "file": "checkout.ts",
        "language": "typescript",
        "line": 8,
      },
      "method": "POST",
      "pathTemplate": "/api/{projectId}/envelope",
      "provider": "sentry",
      "providerSource": "sdk",
      "query": [],
      "scheme": "https",
      "sdk": {
        "chain": "captureException",
        "package": "@sentry/nextjs",
      },
      "urlTemplate": "https://{org}.ingest.sentry.io/api/{projectId}/envelope/",
    },
    {
      "authScheme": "unknown",
      "bodyEncoding": "none",
      "client": "sdk",
      "confidence": 1,
      "dynamic": [
        {
          "name": "projectId",
          "origin": "sdk",
          "where": "path",
        },
      ],
      "examples": [
        {
          "bodyEncoding": "none",
          "headers": {},
          "method": "POST",
          "query": {},
          "url": "https://{org}.ingest.sentry.io/api/8zbkm7jm/envelope",
          "variant": "minimal",
        },
      ],
      "findings": [],
      "headerValues": {},
      "headers": [],
      "host": "{org}.ingest.sentry.io",
      "hostKind": "literal",
      "id": "a5c0fa6e06d6",
      "location": {
        "col": 3,
        "file": "monitoring.ts",
        "language": "typescript",
        "line": 6,
      },
      "method": "POST",
      "pathTemplate": "/api/{projectId}/envelope",
      "provider": "sentry",
      "providerSource": "sdk",
      "query": [],
      "scheme": "https",
      "sdk": {
        "chain": "captureException",
        "package": "@sentry/react",
      },
      "urlTemplate": "https://{org}.ingest.sentry.io/api/{projectId}/envelope/",
    },
    {
      "authScheme": "unknown",
      "bodyEncoding": "none",
      "client": "sdk",
      "confidence": 1,
      "dynamic": [
        {
          "name": "projectId",
          "origin": "sdk",
          "where": "path",
        },
      ],
      "examples": [
        {
          "bodyEncoding": "none",
          "headers": {},
          "method": "POST",
          "query": {},
          "url": "https://{org}.ingest.sentry.io/api/4cjgyyvp/envelope",
          "variant": "minimal",
        },
      ],
      "findings": [],
      "headerValues": {},
      "headers": [],
      "host": "{org}.ingest.sentry.io",
      "hostKind": "literal",
      "id": "d739de3f26b4",
      "location": {
        "col": 42,
        "file": "monitoring.ts",
        "language": "typescript",
        "line": 9,
      },
      "method": "POST",
      "pathTemplate": "/api/{projectId}/envelope",
      "provider": "sentry",
      "providerSource": "sdk",
      "query": [],
      "scheme": "https",
      "sdk": {
        "chain": "captureMessage",
        "package": "@sentry/react",
      },
      "urlTemplate": "https://{org}.ingest.sentry.io/api/{projectId}/envelope/",
    },
  ],
  "coverage": {
    "sdks": [
      {
        "calls": 1,
        "declared": false,
        "ecosystem": "npm",
        "importSites": 1,
        "imported": true,
        "package": "@sentry/nextjs",
        "provider": "sentry",
        "status": "ok",
        "supported": true,
      },
      {
        "calls": 2,
        "declared": false,
        "ecosystem": "npm",
        "importSites": 1,
        "imported": true,
        "package": "@sentry/react",
        "provider": "sentry",
        "status": "ok",
        "supported": true,
      },
    ],
  },
  "diagnostics": {
    "complete": true,
    "droppedCalls": [],
    "filesScanned": 2,
    "filesSeen": 2,
    "languages": {
      "typescript": {
        "filesScanned": 2,
        "filesSeen": 2,
      },
    },
    "skipped": [],
    "skippedCounts": {},
    "unfollowed": [],
  },
  "schemaVersion": "1.2.0",
  "stats": {
    "byClient": {
      "sdk": 3,
    },
    "byHostKind": {
      "literal": 3,
    },
    "byLanguage": {
      "typescript": 3,
    },
    "byProvider": {
      "sentry": 3,
    },
    "callsFound": 3,
    "durationMs": 0,
    "filesScanned": 2,
    "redacted": 0,
    "withBodyShape": 0,
    "withDynamic": 3,
    "withFindings": 0,
  },
  "tool": "apicalls",
  "version": "0.1.0",
}
`;

exports[`supabase-js > reports one call per operation, with the table in the path and the host from createClient 1`] = `
{
  "$schema": "https://raw.githubusercontent.com/okapi-hq/api-grep/main/schema/report.v1.json",
  "calls": [
    {
      "authScheme": "bearer",
      "bodyEncoding": "none",
      "client": "sdk",
      "confidence": 1,
      "dynamic": [],
      "examples": [
        {
          "bodyEncoding": "none",
          "headers": {
            "authorization": "Bearer <token>",
          },
          "method": "GET",
          "query": {},
          "url": "https://{project}.supabase.co/rest/v1/projects",
          "variant": "minimal",
        },
      ],
      "findings": [],
      "headerValues": {},
      "headers": [],
      "host": "{project}.supabase.co",
      "hostKind": "literal",
      "id": "1dbab5a4130c",
      "location": {
        "col": 10,
        "file": "context.ts",
        "language": "typescript",
        "line": 9,
      },
      "method": "GET",
      "pathTemplate": "/rest/v1/projects",
      "provider": "supabase",
      "providerSource": "sdk",
      "query": [],
      "scheme": "https",
      "sdk": {
        "chain": "from.select",
        "package": "@supabase/supabase-js",
      },
      "urlTemplate": "https://{project}.supabase.co/rest/v1/projects",
    },
    {
      "authScheme": "bearer",
      "body": {
        "properties": {
          "archived": {
            "enum": [
              true,
            ],
            "type": "boolean",
          },
        },
        "required": [
          "archived",
        ],
        "type": "object",
      },
      "bodyEncoding": "json",
      "client": "sdk",
      "confidence": 1,
      "dynamic": [],
      "examples": [
        {
          "body": {
            "archived": true,
          },
          "bodyEncoding": "json",
          "headers": {
            "authorization": "Bearer <token>",
            "content-type": "application/json",
          },
          "method": "PATCH",
          "query": {},
          "url": "https://{project}.supabase.co/rest/v1/projects",
          "variant": "minimal",
        },
      ],
      "findings": [],
      "headerValues": {},
      "headers": [],
      "host": "{project}.supabase.co",
      "hostKind": "literal",
      "id": "1c0c1189b145",
      "location": {
        "col": 12,
        "file": "context.ts",
        "language": "typescript",
        "line": 16,
      },
      "method": "PATCH",
      "pathTemplate": "/rest/v1/projects",
      "provider": "supabase",
      "providerSource": "sdk",
      "query": [],
      "scheme": "https",
      "sdk": {
        "chain": "from.update",
        "package": "@supabase/supabase-js",
      },
      "urlTemplate": "https://{project}.supabase.co/rest/v1/projects",
    },
    {
      "authScheme": "bearer",
      "bodyEncoding": "none",
      "client": "sdk",
      "confidence": 1,
      "dynamic": [],
      "examples": [
        {
          "bodyEncoding": "none",
          "headers": {
            "authorization": "Bearer <token>",
          },
          "method": "GET",
          "query": {},
          "url": "https://abcdefgh.supabase.co/rest/v1/invoices",
          "variant": "minimal",
        },
      ],
      "findings": [],
      "headerValues": {},
      "headers": [],
      "host": "abcdefgh.supabase.co",
      "hostKind": "literal",
      "id": "e7025957aedf",
      "location": {
        "col": 10,
        "file": "ssr.ts",
        "language": "typescript",
        "line": 9,
      },
      "method": "GET",
      "pathTemplate": "/rest/v1/invoices",
      "provider": "supabase",
      "providerSource": "sdk",
      "query": [],
      "scheme": "https",
      "sdk": {
        "chain": "from.select",
        "package": "@supabase/ssr",
      },
      "urlTemplate": "https://abcdefgh.supabase.co/rest/v1/invoices",
    },
    {
      "authScheme": "bearer",
      "bodyEncoding": "none",
      "client": "sdk",
      "confidence": 1,
      "dynamic": [],
      "examples": [
        {
          "bodyEncoding": "none",
          "headers": {
            "authorization": "Bearer <token>",
          },
          "method": "GET",
          "query": {},
          "url": "https://abcdefgh.supabase.co/rest/v1/invoices",
          "variant": "minimal",
        },
      ],
      "findings": [],
      "headerValues": {},
      "headers": [],
      "host": "abcdefgh.supabase.co",
      "hostKind": "literal",
      "id": "580084b5865d",
      "location": {
        "col": 29,
        "file": "ssr.ts",
        "language": "typescript",
        "line": 12,
      },
      "method": "GET",
      "pathTemplate": "/rest/v1/invoices",
      "provider": "supabase",
      "providerSource": "sdk",
      "query": [],
      "scheme": "https",
      "sdk": {
        "chain": "from.select",
        "package": "@supabase/ssr",
      },
      "urlTemplate": "https://abcdefgh.supabase.co/rest/v1/invoices",
    },
    {
      "authScheme": "bearer",
      "bodyEncoding": "none",
      "client": "sdk",
      "confidence": 0.85,
      "dynamic": [],
      "envName": "SUPABASE_URL",
      "examples": [
        {
          "bodyEncoding": "none",
          "headers": {
            "authorization": "Bearer <token>",
          },
          "method": "GET",
          "query": {},
          "url": "https://xyzcompany.supabase.co/rest/v1/tasks",
          "variant": "minimal",
        },
      ],
      "findings": [],
      "headerValues": {},
      "headers": [],
      "host": "xyzcompany.supabase.co",
      "hostKind": "env",
      "id": "43f5fc5c9887",
      "location": {
        "col": 26,
        "file": "tasks.ts",
        "language": "typescript",
        "line": 4,
      },
      "method": "GET",
      "pathTemplate": "/rest/v1/tasks",
      "provider": "supabase",
      "providerSource": "sdk",
      "query": [],
      "scheme": "https",
      "sdk": {
        "chain": "from.select",
        "package": "@supabase/supabase-js",
      },
      "urlTemplate": "{env:SUPABASE_URL}/rest/v1/tasks",
    },
    {
      "authScheme": "bearer",
      "body": {
        "properties": {
          "done": {
            "enum": [
              false,
            ],
            "type": "boolean",
          },
          "project_id": {
            "hint": "projectId",
            "type": "number",
          },
          "title": {
            "hint": "title",
            "type": "string",
          },
        },
        "required": [
          "title",
          "project_id",
          "done",
        ],
        "type": "object",
      },
      "bodyEncoding": "json",
      "client": "sdk",
      "confidence": 1,
      "dynamic": [
        {
          "name": "title",
          "origin": "param",
          "where": "body",
        },
        {
          "name": "project_id",
          "origin": "param",
          "where": "body",
        },
      ],
      "envName": "SUPABASE_URL",
      "examples": [
        {
          "body": {
            "done": false,
            "project_id": 5759,
            "title": "Jasper Ultra",
          },
          "bodyEncoding": "json",
          "headers": {
            "authorization": "Bearer <token>",
            "content-type": "application/json",
          },
          "method": "POST",
          "query": {},
          "url": "https://xyzcompany.supabase.co/rest/v1/tasks",
          "variant": "minimal",
        },
      ],
      "findings": [],
      "headerValues": {},
      "headers": [],
      "host": "xyzcompany.supabase.co",
      "hostKind": "env",
      "id": "24f8c450c267",
      "location": {
        "col": 10,
        "file": "tasks.ts",
        "language": "typescript",
        "line": 9,
      },
      "method": "POST",
      "pathTemplate": "/rest/v1/tasks",
      "provider": "supabase",
      "providerSource": "sdk",
      "query": [],
      "scheme": "https",
      "sdk": {
        "chain": "from.insert",
        "package": "@supabase/supabase-js",
      },
      "urlTemplate": "{env:SUPABASE_URL}/rest/v1/tasks",
    },
    {
      "authScheme": "bearer",
      "body": {
        "properties": {
          "id": {
            "type": "string",
          },
          "title": {
            "type": "string",
          },
        },
        "required": [
          "id",
          "title",
        ],
        "type": "object",
      },
      "bodyEncoding": "json",
      "client": "sdk",
      "confidence": 1,
      "dynamic": [],
      "envName": "SUPABASE_URL",
      "examples": [
        {
          "body": {
            "id": "kx8phaxv",
            "title": "Saffron Jetty",
          },
          "bodyEncoding": "json",
          "headers": {
            "authorization": "Bearer <token>",
            "content-type": "application/json",
          },
          "method": "POST",
          "query": {},
          "url": "https://xyzcompany.supabase.co/rest/v1/tasks",
          "variant": "minimal",
        },
      ],
      "findings": [],
      "headerValues": {},
      "headers": [],
      "host": "xyzcompany.supabase.co",
      "hostKind": "env",
      "id": "7f9ab0c415b4",
      "location": {
        "col": 66,
        "file": "tasks.ts",
        "language": "typescript",
        "line": 12,
      },
      "method": "POST",
      "pathTemplate": "/rest/v1/tasks",
      "provider": "supabase",
      "providerSource": "sdk",
      "query": [],
      "scheme": "https",
      "sdk": {
        "chain": "from.upsert",
        "package": "@supabase/supabase-js",
      },
      "urlTemplate": "{env:SUPABASE_URL}/rest/v1/tasks",
    },
    {
      "authScheme": "bearer",
      "body": {
        "properties": {
          "done": {
            "enum": [
              true,
            ],
            "type": "boolean",
          },
        },
        "required": [
          "done",
        ],
        "type": "object",
      },
      "bodyEncoding": "json",
      "client": "sdk",
      "confidence": 1,
      "dynamic": [],
      "envName": "SUPABASE_URL",
      "examples": [
        {
          "body": {
            "done": true,
          },
          "bodyEncoding": "json",
          "headers": {
            "authorization": "Bearer <token>",
            "content-type": "application/json",
          },
          "method": "PATCH",
          "query": {},
          "url": "https://xyzcompany.supabase.co/rest/v1/tasks",
          "variant": "minimal",
        },
      ],
      "findings": [],
      "headerValues": {},
      "headers": [],
      "host": "xyzcompany.supabase.co",
      "hostKind": "env",
      "id": "40814decd27c",
      "location": {
        "col": 42,
        "file": "tasks.ts",
        "language": "typescript",
        "line": 14,
      },
      "method": "PATCH",
      "pathTemplate": "/rest/v1/tasks",
      "provider": "supabase",
      "providerSource": "sdk",
      "query": [],
      "scheme": "https",
      "sdk": {
        "chain": "from.update",
        "package": "@supabase/supabase-js",
      },
      "urlTemplate": "{env:SUPABASE_URL}/rest/v1/tasks",
    },
    {
      "authScheme": "bearer",
      "bodyEncoding": "none",
      "client": "sdk",
      "confidence": 0.85,
      "dynamic": [],
      "envName": "SUPABASE_URL",
      "examples": [
        {
          "bodyEncoding": "none",
          "headers": {
            "authorization": "Bearer <token>",
          },
          "method": "DELETE",
          "query": {},
          "url": "https://xyzcompany.supabase.co/rest/v1/tasks",
          "variant": "minimal",
        },
      ],
      "findings": [],
      "headerValues": {},
      "headers": [],
      "host": "xyzcompany.supabase.co",
      "hostKind": "env",
      "id": "7c43ee15e4f8",
      "location": {
        "col": 41,
        "file": "tasks.ts",
        "language": "typescript",
        "line": 16,
      },
      "method": "DELETE",
      "pathTemplate": "/rest/v1/tasks",
      "provider": "supabase",
      "providerSource": "sdk",
      "query": [],
      "scheme": "https",
      "sdk": {
        "chain": "from.delete",
        "package": "@supabase/supabase-js",
      },
      "urlTemplate": "{env:SUPABASE_URL}/rest/v1/tasks",
    },
    {
      "authScheme": "bearer",
      "bodyEncoding": "none",
      "client": "sdk",
      "confidence": 0.85,
      "dynamic": [],
      "envName": "SUPABASE_URL",
      "examples": [
        {
          "bodyEncoding": "none",
          "headers": {
            "authorization": "Bearer <token>",
          },
          "method": "GET",
          "query": {},
          "url": "https://xyzcompany.supabase.co/rest/v1/tasks",
          "variant": "minimal",
        },
      ],
      "findings": [],
      "headerValues": {},
      "headers": [],
      "host": "xyzcompany.supabase.co",
      "hostKind": "env",
      "id": "8a36279ef9aa",
      "location": {
        "col": 48,
        "file": "tasks.ts",
        "language": "typescript",
        "line": 19,
      },
      "method": "GET",
      "pathTemplate": "/rest/v1/tasks",
      "provider": "supabase",
      "providerSource": "sdk",
      "query": [],
      "scheme": "https",
      "sdk": {
        "chain": "from.select",
        "package": "@supabase/supabase-js",
      },
      "urlTemplate": "{env:SUPABASE_URL}/rest/v1/tasks",
    },
    {
      "authScheme": "bearer",
      "bodyEncoding": "none",
      "client": "sdk",
      "confidence": 0.85,
      "dynamic": [],
      "envName": "SUPABASE_URL",
      "examples": [
        {
          "bodyEncoding": "none",
          "headers": {
            "authorization": "Bearer <token>",
          },
          "method": "GET",
          "query": {},
          "url": "https://xyzcompany.supabase.co/rest/v1/projects",
          "variant": "minimal",
        },
      ],
      "findings": [],
      "headerValues": {},
      "headers": [],
      "host": "xyzcompany.supabase.co",
      "hostKind": "env",
      "id": "946dcef3ecd1",
      "location": {
        "col": 84,
        "file": "tasks.ts",
        "language": "typescript",
        "line": 19,
      },
      "method": "GET",
      "pathTemplate": "/rest/v1/projects",
      "provider": "supabase",
      "providerSource": "sdk",
      "query": [],
      "scheme": "https",
      "sdk": {
        "chain": "from.select",
        "package": "@supabase/supabase-js",
      },
      "urlTemplate": "{env:SUPABASE_URL}/rest/v1/projects",
    },
    {
      "authScheme": "bearer",
      "body": {
        "properties": {
          "project_id": {
            "hint": "projectId",
            "type": "number",
          },
        },
        "required": [
          "project_id",
        ],
        "type": "object",
      },
      "bodyEncoding": "json",
      "client": "sdk",
      "confidence": 1,
      "dynamic": [
        {
          "name": "project_id",
          "origin": "param",
          "where": "body",
        },
      ],
      "envName": "SUPABASE_URL",
      "examples": [
        {
          "body": {
            "project_id": 7940,
          },
          "bodyEncoding": "json",
          "headers": {
            "authorization": "Bearer <token>",
            "content-type": "application/json",
          },
          "method": "POST",
          "query": {},
          "url": "https://xyzcompany.supabase.co/rest/v1/rpc/project_stats",
          "variant": "minimal",
        },
      ],
      "findings": [],
      "headerValues": {},
      "headers": [],
      "host": "xyzcompany.supabase.co",
      "hostKind": "env",
      "id": "268ab8dd3e9a",
      "location": {
        "col": 45,
        "file": "tasks.ts",
        "language": "typescript",
        "line": 23,
      },
      "method": "POST",
      "pathTemplate": "/rest/v1/rpc/project_stats",
      "provider": "supabase",
      "providerSource": "sdk",
      "query": [],
      "scheme": "https",
      "sdk": {
        "chain": "rpc",
        "package": "@supabase/supabase-js",
      },
      "urlTemplate": "{env:SUPABASE_URL}/rest/v1/rpc/project_stats",
    },
    {
      "authScheme": "bearer",
      "bodyEncoding": "none",
      "client": "sdk",
      "confidence": 0.85,
      "dynamic": [],
      "envName": "SUPABASE_URL",
      "examples": [
        {
          "bodyEncoding": "none",
          "headers": {
            "authorization": "Bearer <token>",
          },
          "method": "GET",
          "query": {},
          "url": "https://xyzcompany.supabase.co/auth/v1/user",
          "variant": "minimal",
        },
      ],
      "findings": [],
      "headerValues": {},
      "headers": [],
      "host": "xyzcompany.supabase.co",
      "hostKind": "env",
      "id": "778935fae877",
      "location": {
        "col": 26,
        "file": "tasks.ts",
        "language": "typescript",
        "line": 26,
      },
      "method": "GET",
      "pathTemplate": "/auth/v1/user",
      "provider": "supabase",
      "providerSource": "sdk",
      "query": [],
      "scheme": "https",
      "sdk": {
        "chain": "auth.getUser",
        "package": "@supabase/supabase-js",
      },
      "urlTemplate": "{env:SUPABASE_URL}/auth/v1/user",
    },
    {
      "authScheme": "bearer",
      "body": {
        "properties": {
          "email": {
            "hint": "email",
            "type": "string",
          },
          "password": {
            "hint": "password",
            "type": "string",
          },
        },
        "required": [
          "email",
          "password",
        ],
        "type": "object",
      },
      "bodyEncoding": "json",
      "client": "sdk",
      "confidence": 1,
      "dynamic": [
        {
          "name": "email",
          "origin": "param",
          "where": "body",
        },
        {
          "name": "password",
          "origin": "param",
          "where": "body",
        },
      ],
      "envName": "SUPABASE_URL",
      "examples": [
        {
          "body": {
            "email": "jonas.petrov@example.com",
            "password": "<password>",
          },
          "bodyEncoding": "json",
          "headers": {
            "authorization": "Bearer <token>",
            "content-type": "application/json",
          },
          "method": "POST",
          "query": {
            "grant_type": "password",
          },
          "url": "https://xyzcompany.supabase.co/auth/v1/token?grant_type=password",
          "variant": "minimal",
        },
      ],
      "findings": [],
      "headerValues": {},
      "headers": [],
      "host": "xyzcompany.supabase.co",
      "hostKind": "env",
      "id": "1ba145234180",
      "location": {
        "col": 59,
        "file": "tasks.ts",
        "language": "typescript",
        "line": 30,
      },
      "method": "POST",
      "pathTemplate": "/auth/v1/token",
      "provider": "supabase",
      "providerSource": "sdk",
      "query": [
        "grant_type",
      ],
      "queryShape": {
        "properties": {
          "grant_type": {
            "enum": [
              "password",
            ],
            "type": "string",
          },
        },
        "required": [
          "grant_type",
        ],
        "type": "object",
      },
      "scheme": "https",
      "sdk": {
        "chain": "auth.signInWithPassword",
        "package": "@supabase/supabase-js",
      },
      "urlTemplate": "{env:SUPABASE_URL}/auth/v1/token?grant_type=password",
    },
    {
      "authScheme": "bearer",
      "body": {
        "hint": "Blob",
        "origin": "unknown",
        "type": "dynamic",
      },
      "bodyEncoding": "raw",
      "client": "sdk",
      "confidence": 0.65,
      "dynamic": [
        {
          "name": "userId",
          "origin": "param",
          "shape": {
            "type": "string",
          },
          "where": "path",
        },
        {
          "name": "body",
          "origin": "unknown",
          "where": "body",
        },
      ],
      "envName": "SUPABASE_URL",
      "examples": [
        {
          "body": "<binary>",
          "bodyEncoding": "raw",
          "headers": {
            "authorization": "Bearer <token>",
            "content-type": "application/octet-stream",
          },
          "method": "POST",
          "query": {},
          "url": "https://xyzcompany.supabase.co/storage/v1/object/avatars/y2gxtl52/avatar.png",
          "variant": "minimal",
        },
      ],
      "findings": [],
      "headerValues": {},
      "headers": [],
      "host": "xyzcompany.supabase.co",
      "hostKind": "env",
      "id": "79bafcb8074e",
      "location": {
        "col": 10,
        "file": "tasks.ts",
        "language": "typescript",
        "line": 33,
      },
      "method": "POST",
      "pathTemplate": "/storage/v1/object/avatars/{userId}/avatar.png",
      "provider": "supabase",
      "providerSource": "sdk",
      "query": [],
      "scheme": "https",
      "sdk": {
        "chain": "storage.from.upload",
        "package": "@supabase/supabase-js",
      },
      "urlTemplate": "{env:SUPABASE_URL}/storage/v1/object/avatars/{userId}/avatar.png",
    },
    {
      "authScheme": "bearer",
      "body": {
        "properties": {
          "taskId": {
            "hint": "taskId",
            "type": "string",
          },
        },
        "required": [
          "taskId",
        ],
        "type": "object",
      },
      "bodyEncoding": "json",
      "client": "sdk",
      "confidence": 1,
      "dynamic": [
        {
          "name": "taskId",
          "origin": "param",
          "where": "body",
        },
      ],
      "envName": "SUPABASE_URL",
      "examples": [
        {
          "body": {
            "taskId": "gmn0ljpw",
          },
          "bodyEncoding": "json",
          "headers": {
            "authorization": "Bearer <token>",
            "content-type": "application/json",
          },
          "method": "POST",
          "query": {},
          "url": "https://xyzcompany.supabase.co/functions/v1/notify-assignee",
          "variant": "minimal",
        },
      ],
      "findings": [],
      "headerValues": {},
      "headers": [],
      "host": "xyzcompany.supabase.co",
      "hostKind": "env",
      "id": "2a201e0b8ea4",
      "location": {
        "col": 43,
        "file": "tasks.ts",
        "language": "typescript",
        "line": 36,
      },
      "method": "POST",
      "pathTemplate": "/functions/v1/notify-assignee",
      "provider": "supabase",
      "providerSource": "sdk",
      "query": [],
      "scheme": "https",
      "sdk": {
        "chain": "functions.invoke",
        "package": "@supabase/supabase-js",
      },
      "urlTemplate": "{env:SUPABASE_URL}/functions/v1/notify-assignee",
    },
  ],
  "coverage": {
    "sdks": [
      {
        "calls": 2,
        "declared": false,
        "ecosystem": "npm",
        "importSites": 1,
        "imported": true,
        "package": "@supabase/ssr",
        "provider": "supabase",
        "status": "ok",
        "supported": true,
      },
      {
        "calls": 14,
        "declared": false,
        "ecosystem": "npm",
        "importSites": 1,
        "imported": true,
        "package": "@supabase/supabase-js",
        "provider": "supabase",
        "status": "ok",
        "supported": true,
      },
    ],
  },
  "diagnostics": {
    "complete": true,
    "droppedCalls": [],
    "filesScanned": 4,
    "filesSeen": 4,
    "languages": {
      "typescript": {
        "filesScanned": 4,
        "filesSeen": 4,
      },
    },
    "skipped": [],
    "skippedCounts": {},
    "unfollowed": [],
  },
  "schemaVersion": "1.2.0",
  "stats": {
    "byClient": {
      "sdk": 16,
    },
    "byHostKind": {
      "env": 12,
      "literal": 4,
    },
    "byLanguage": {
      "typescript": 16,
    },
    "byProvider": {
      "supabase": 16,
    },
    "callsFound": 16,
    "durationMs": 0,
    "filesScanned": 4,
    "redacted": 0,
    "withBodyShape": 7,
    "withDynamic": 5,
    "withFindings": 0,
  },
  "tool": "apicalls",
  "version": "0.1.0",
}
`;
